// Jest Snapshot v1, https://goo.gl/fbAQLP

exports[`Renders Home Component Should return Home DOM 1`] = `
<div>
  <div
    class="home"
  >
    <div
      class="carousel"
    >
      <button
        class="arrow left"
        type="button"
      />
      <div
        class="content"
      >
        <div
          class="container"
        >
          <h2
            class="title"
          >
            Casual Summer Collection
          </h2>
          <a
            class="link"
            href="/shop"
          >
            VIEW MORE
          </a>
        </div>
      </div>
      <button
        class="arrow right"
        type="button"
      />
    </div>
    <div
      class="info"
    />
    <div
      class="category"
    />
  </div>
</div>
`;
