// Jest Snapshot v1, https://goo.gl/fbAQLP

exports[`Renders ModalCartList Component Should return ModalCartList DOM 1`] = `
<div>
  <div
    class="items"
  >
    <div
      class="itemWarp"
    >
      <div
        class="item"
      >
        <div
          class="warp"
        >
          <img
            alt="fake"
            src="../"
          />
        </div>
        <div
          class="description"
        >
          <div
            class="info"
          >
            <div
              class="name"
            >
              fake
            </div>
            <div
              class="price"
            >
              $
              19.90
            </div>
          </div>
          <div
            class="subtotal"
          >
            <label
              for="fake"
            >
              Quantity
              <select
                data-testid="quantity"
                id="fake"
                name="quantity"
              >
                <option
                  value="1"
                >
                  1
                </option>
                <option
                  value="2"
                >
                  2
                </option>
                <option
                  value="3"
                >
                  3
                </option>
                <option
                  value="4"
                >
                  4
                </option>
                <option
                  value="5"
                >
                  5
                </option>
                <option
                  value="6"
                >
                  6
                </option>
                <option
                  value="7"
                >
                  7
                </option>
                <option
                  value="8"
                >
                  8
                </option>
                <option
                  value="9"
                >
                  9
                </option>
                <option
                  value="10"
                >
                  10
                </option>
              </select>
            </label>
            <p>
              Subtotal: $
              19.90
            </p>
          </div>
        </div>
        <button
          class="removeBtn"
          data-testid="removeBtn"
        >
          <svg
            role="presentation"
            viewBox="0 0 24 24"
          >
            <path
              d="M9,3V4H4V6H5V19A2,2 0 0,0 7,21H17A2,2 0 0,0 19,19V6H20V4H15V3H9M7,6H17V19H7V6M9,8V17H11V8H9M13,8V17H15V8H13Z"
              style="fill: currentColor;"
            />
          </svg>
        </button>
      </div>
    </div>
  </div>
</div>
`;
